gcc -g p2final.c
îº§ gdb ./a.out
GNU gdb (Ubuntu 8.1.1-0ubuntu1) 8.1.1
Copyright (C) 2018 Free Software Foundation, Inc.
License GPLv3+: GNU GPL version 3 or later <http://gnu.org/licenses/gpl.html>
This is free software: you are free to change and redistribute it.
There is NO WARRANTY, to the extent permitted by law.  Type "show copying"
and "show warranty" for details.
This GDB was configured as "x86_64-linux-gnu".
Type "show configuration" for configuration details.
For bug reporting instructions, please see:
<http://www.gnu.org/software/gdb/bugs/>.
Find the GDB manual and other documentation resources online at:
<http://www.gnu.org/software/gdb/documentation/>.
For help, type "help".
Type "apropos word" to search for commands related to "word"...
Reading symbols from ./a.out...done.
(gdb) b main
Breakpoint 1 at 0x7f6: file p4final.c, line 28.
(gdb) r
Starting program: /home/runner/pps-test1-Girindra1607/a.out 
warning: Error disabling address space randomization: Operation not permitted

Breakpoint 1, main () at p4final.c:28
28    a=input();
(gdb) s
input () at p4final.c:3
3   {
(gdb) n
5     printf("Enter a value:");
(gdb) n
6     scanf("%d",&a);
(gdb) n
Enter a value:2
7     return a;
(gdb) n
8   }
(gdb) n
main () at p4final.c:29
29    b=input();
(gdb) s
input () at p4final.c:3
3   {
(gdb) n
5     printf("Enter a value:");
(gdb) n
6     scanf("%d",&a);
(gdb) n
Enter a value:3 
7     return a;
(gdb) n
8   }
(gdb) n
main () at p4final.c:30
30    c=input();
(gdb) s
input () at p4final.c:3
3   {
(gdb) n
5     printf("Enter a value:");
(gdb) n
6     scanf("%d",&a);
(gdb) n
Enter a value:4
7     return a;
(gdb) n
8   }
(gdb) n
main () at p4final.c:31
31    largest=comp(a,b,c);
(gdb) s
comp (a=2, b=3, c=4) at p4final.c:12
12    if (a>b && a>c)
(gdb) n
14    else if (b>a && b>c)
(gdb) n
17    largest=c;
(gdb) n
18    return largest;
(gdb) n
19  }
(gdb) n
main () at p4final.c:32
32    output(a,b,c,largest);
(gdb) s
output (a=2, b=3, c=4, largest=4) at p4final.c:22
22    int result=largest;
(gdb) n
23    printf("The largest among a,b,c is:%d",result);
(gdb) n
24  }
(gdb) n
main () at p4final.c:33
33    return 0;
(gdb) n
34    }(gdb) l
29    b=input();
30    c=input();
31    largest=comp(a,b,c);
32    output(a,b,c,largest);
33    return 0;
34    }(gdb) q
A debugging session is active.

    Inferior 1 [process 156] will be killed.

Quit anyway? (y or n) y